########## BATCH A: seed 1, MPPI arms 1/2/3, H=40 N=1000 ##########
=== pre-flight ===
=== eval/config.yaml (global defaults) ===
  dt_c            : 0.1 s
  v_max / w_max   : 1.0 m/s / 1.0 rad/s (turn radius 1.00 m)
  u_min / u_max   : [0.0, -1.0] / [1.0, 1.0]
  lidar_radius    : 7.0 m
  goal_threshold  : 0.5 m
  Tf_reach        : 8.0 s  (solved horizon 8.0 s)
  d_max           : [0.1, 0.1, 0.1]  (rollout [0.0, 0.0, 0.0])
  feasibility     : feasible_region
  scenario_parallel: True
  reach grid      : 50x50x25x17 on [-10.0, 10.0]^2 x [-3.142, 3.142) region-local

=== env_A =============================================================

=== env_B =============================================================

=== env_C =============================================================

=== env_D =============================================================

========================================================================
all 44 checks passed (4 skipped)
  config + accounting invariants OK

=== env_A  (max_steps=1100) ===
  arm1 mppi        env_A s1          ok     34s  K_e 420 steps | L_e 34.97 m | T_e 42.0 s | T_deployed 52.5 s (RTF_ep 1.25) | goal True
  arm2 scramppi_fno env_A s1         ok     57s  K_e 394 steps | L_e 34.89 m | T_e 39.4 s | T_deployed 67.4 s (RTF_ep 1.71) | goal True
  arm3 scramppi_hjr env_A s1         ok     61s  K_e 394 steps | L_e 34.90 m | T_e 39.4 s | T_deployed 70.4 s (RTF_ep 1.79) | goal True

=== env_B  (max_steps=900) ===
  arm1 mppi        env_B s1          ok     56s  K_e 779 steps | L_e 44.06 m | T_e 77.9 s | T_deployed 91.4 s (RTF_ep 1.17) | goal True
  arm2 scramppi_fno env_B s1         ok     67s  K_e 354 steps | L_e 31.01 m | T_e 35.4 s | T_deployed 74.7 s (RTF_ep 2.11) | goal True
  arm3 scramppi_hjr env_B s1         ok     93s  K_e 352 steps | L_e 30.97 m | T_e 35.2 s | T_deployed 98.0 s (RTF_ep 2.79) | goal True

=== env_C  (max_steps=850) ===
  arm1 mppi        env_C s1          ok     32s  K_e 341 steps | L_e 27.93 m | T_e 34.1 s | T_deployed 45.6 s (RTF_ep 1.34) | goal True
  arm2 scramppi_fno env_C s1         ok     78s  K_e 319 steps | L_e 27.61 m | T_e 31.9 s | T_deployed 82.9 s (RTF_ep 2.60) | goal True
  arm3 scramppi_hjr env_C s1         ok     71s  K_e 316 steps | L_e 27.46 m | T_e 31.6 s | T_deployed 74.3 s (RTF_ep 2.35) | goal True

=== env_D  (max_steps=1400) ===
  arm1 mppi        env_D s1          ok     78s  K_e 1400 steps | L_e 45.49 m | T_e 140.0 s | T_deployed 145.0 s (RTF_ep 1.04) | goal False
  arm2 scramppi_fno env_D s1         ok    279s  K_e 584 steps | L_e 50.91 m | T_e 58.4 s | T_deployed 290.5 s (RTF_ep 4.98) | goal True
  arm3 scramppi_hjr env_D s1         ok    268s  K_e 577 steps | L_e 50.18 m | T_e 57.7 s | T_deployed 276.8 s (RTF_ep 4.80) | goal True

=== scoring ===

arm             env    knob          n               SR     VR%     D_e    barL   T_e s   RTFep   plan50   plan95   reach50  RTFp99    DMR%
-------------------------------------------------------------------------------------------------------------------------------------------
mppi            env_A  H=40 N=1000   1    100% [21,100]    0.00   0.000   1.003    42.0    1.25     46.1     47.7       957    10.0     1.9
mppi            env_B  H=40 N=1000   1    100% [21,100]    0.00   0.000   1.505    77.9    1.17     48.3     50.6      1167     9.6     1.2
mppi            env_C  H=40 N=1000   1    100% [21,100]    0.00   0.000   1.024    34.1    1.34     47.4     49.3       972     9.6     1.8
mppi            env_D  H=40 N=1000   1        0% [0,79]    0.00   0.000      --   140.0    1.04     48.8     50.8      2372     0.5     0.1
rrtx_fno        env_A  n=1000        1    100% [21,100]    0.00   0.000   1.007    35.1    1.35     59.3    103.0      1007    11.9     5.7
rrtx_fno        env_B  n=1000        1    100% [21,100]    0.00   0.000   1.089    32.3    1.52     66.4    122.5      1340    18.5     9.9
rrtx_fno        env_C  n=1000        1    100% [21,100]    0.00   0.000   1.073    30.2    1.41     64.4    123.1       980    11.8    11.3
rrtx_fno        env_D  n=1000        1        0% [0,79]    0.00   0.000      --    12.0    1.41      4.7     78.1      1634    19.6     3.4
scramppi_fno    env_A  H=40 N=1000   1    100% [21,100]    0.00   0.000   1.001    39.4    1.71     59.3    620.1       968    10.2    10.2
scramppi_fno    env_B  H=40 N=1000   1    100% [21,100]    0.00   0.000   1.059    35.4    2.11     64.5    739.9      1232    15.3    13.0
scramppi_fno    env_C  H=40 N=1000   1    100% [21,100]    0.00   0.000   1.012    31.9    2.60     65.9    804.1       979    10.5    20.8
scramppi_fno    env_D  H=40 N=1000   1    100% [21,100]    0.00   0.000   1.121    58.4    4.98     70.5   2625.7       974    28.1    17.0
scramppi_hjr    env_A  H=40 N=1000   1    100% [21,100]    0.00   0.000   1.001    39.4    1.79     56.7    618.0      1642    16.9    10.2
scramppi_hjr    env_B  H=40 N=1000   1    100% [21,100]    0.00   0.000   1.058    35.2    2.79     59.9    905.7      2077    21.0    20.8
scramppi_hjr    env_C  H=40 N=1000   1    100% [21,100]    0.00   0.000   1.006    31.6    2.35     61.9    713.2      1983    21.3    15.9
scramppi_hjr    env_D  H=40 N=1000   1    100% [21,100]    0.00   0.000   1.105    57.7    4.80     66.6   2647.4      1927    28.8    15.6

scored 16 episode(s) -> /home/kmuenpra/git/HJR-FNO-ContingencyPlanning/eval/results/planner_scores/

########## BATCH B: seed 2, all arms, H=40 N=1000 n=1000 ##########
=== pre-flight ===
=== eval/config.yaml (global defaults) ===
  dt_c            : 0.1 s
  v_max / w_max   : 1.0 m/s / 1.0 rad/s (turn radius 1.00 m)
  u_min / u_max   : [0.0, -1.0] / [1.0, 1.0]
  lidar_radius    : 7.0 m
  goal_threshold  : 0.5 m
  Tf_reach        : 8.0 s  (solved horizon 8.0 s)
  d_max           : [0.1, 0.1, 0.1]  (rollout [0.0, 0.0, 0.0])
  feasibility     : feasible_region
  scenario_parallel: True
  reach grid      : 50x50x25x17 on [-10.0, 10.0]^2 x [-3.142, 3.142) region-local

=== env_A =============================================================

=== env_B =============================================================

=== env_C =============================================================

=== env_D =============================================================

========================================================================
all 44 checks passed (4 skipped)
  config + accounting invariants OK

=== env_A  (max_steps=1100) ===
  arm1 mppi        env_A s2          ok     34s  K_e 420 steps | L_e 34.97 m | T_e 42.0 s | T_deployed 52.5 s (RTF_ep 1.25) | goal True
  arm2 scramppi_fno env_A s2         ok     58s  K_e 394 steps | L_e 34.89 m | T_e 39.4 s | T_deployed 67.5 s (RTF_ep 1.71) | goal True
  arm3 scramppi_hjr env_A s2         ok     61s  K_e 394 steps | L_e 34.90 m | T_e 39.4 s | T_deployed 71.0 s (RTF_ep 1.80) | goal True
  arm4 rrtx_fno     env_A s2         ok     23s  K_e 352 steps | L_e 35.16 m | T_e 35.2 s | T_deployed 45.9 s (RTF_ep 1.30) | goal True

=== env_B  (max_steps=900) ===
  arm1 mppi        env_B s2          ok     57s  K_e 779 steps | L_e 44.06 m | T_e 77.9 s | T_deployed 91.5 s (RTF_ep 1.17) | goal True
  arm2 scramppi_fno env_B s2         ok     68s  K_e 354 steps | L_e 31.01 m | T_e 35.4 s | T_deployed 75.1 s (RTF_ep 2.12) | goal True
  arm3 scramppi_hjr env_B s2         ok     91s  K_e 353 steps | L_e 30.87 m | T_e 35.3 s | T_deployed 95.2 s (RTF_ep 2.70) | goal True
  arm4 rrtx_fno     env_B s2         ok     24s  K_e 333 steps | L_e 32.35 m | T_e 33.3 s | T_deployed 45.2 s (RTF_ep 1.36) | goal True

=== env_C  (max_steps=850) ===
  arm1 mppi        env_C s2          ok     32s  K_e 341 steps | L_e 27.93 m | T_e 34.1 s | T_deployed 45.5 s (RTF_ep 1.33) | goal True
  arm2 scramppi_fno env_C s2         ok     71s  K_e 318 steps | L_e 27.63 m | T_e 31.8 s | T_deployed 76.4 s (RTF_ep 2.40) | goal True
  arm3 scramppi_hjr env_C s2         ok     70s  K_e 315 steps | L_e 27.44 m | T_e 31.5 s | T_deployed 73.8 s (RTF_ep 2.34) | goal True
  arm4 rrtx_fno     env_C s2         ok     22s  K_e 353 steps | L_e 28.88 m | T_e 35.3 s | T_deployed 44.4 s (RTF_ep 1.26) | goal True

=== env_D  (max_steps=1400) ===
  arm1 mppi        env_D s2          ok     78s  K_e 1400 steps | L_e 45.49 m | T_e 140.0 s | T_deployed 144.9 s (RTF_ep 1.04) | goal False
  arm2 scramppi_fno env_D s2         ok    272s  K_e 587 steps | L_e 51.28 m | T_e 58.7 s | T_deployed 283.6 s (RTF_ep 4.83) | goal True
  arm3 scramppi_hjr env_D s2         ok    278s  K_e 580 steps | L_e 50.42 m | T_e 58.0 s | T_deployed 288.3 s (RTF_ep 4.97) | goal True
  arm4 rrtx_fno     env_D s2         ok     39s  K_e 646 steps | L_e 57.13 m | T_e 64.6 s | T_deployed 83.6 s (RTF_ep 1.29) | goal True

=== scoring ===

arm             env    knob          n               SR     VR%     D_e    barL   T_e s   RTFep   plan50   plan95   reach50  RTFp99    DMR%
-------------------------------------------------------------------------------------------------------------------------------------------
mppi            env_A  H=40 N=1000   2    100% [34,100]    0.00   0.000   1.003    42.0    1.25     46.3     48.0       963    10.1     1.9
mppi            env_B  H=40 N=1000   2    100% [34,100]    0.00   0.000   1.505    77.9    1.17     48.9     51.3      1162     9.6     1.2
mppi            env_C  H=40 N=1000   2    100% [34,100]    0.00   0.000   1.024    34.1    1.34     47.3     49.1       969     9.5     1.8
mppi            env_D  H=40 N=1000   2        0% [0,66]    0.00   0.000      --   140.0    1.04     48.8     50.7      2368     0.5     0.1
rrtx_fno        env_A  n=1000        2    100% [34,100]    0.00   0.000   1.008    35.2    1.33     40.7     73.0       990    11.2     4.3
rrtx_fno        env_B  n=1000        2    100% [34,100]    0.00   0.000   1.097    32.8    1.44     45.2     87.0      1270    15.8     6.5
rrtx_fno        env_C  n=1000        2    100% [34,100]    0.00   0.000   1.066    32.8    1.33     41.8     83.9       985    10.8     6.8
rrtx_fno        env_D  n=1000        2       50% [9,91]    0.00   0.000   1.258    38.3    1.35     12.1     69.8      1308    16.2     3.8
scramppi_fno    env_A  H=40 N=1000   2    100% [34,100]    0.00   0.000   1.001    39.4    1.71     59.4    620.1       971    10.3    10.2
scramppi_fno    env_B  H=40 N=1000   2    100% [34,100]    0.00   0.000   1.059    35.4    2.12     64.9    735.2      1244    15.4    13.0
scramppi_fno    env_C  H=40 N=1000   2    100% [34,100]    0.00   0.000   1.012    31.9    2.50     65.5    776.8       970    10.8    19.2
scramppi_fno    env_D  H=40 N=1000   2    100% [34,100]    0.00   0.000   1.125    58.6    4.90     71.0   2613.2       978    28.5    16.6
scramppi_hjr    env_A  H=40 N=1000   2    100% [34,100]    0.00   0.000   1.001    39.4    1.79     56.7    617.0      1752    18.0    10.2
scramppi_hjr    env_B  H=40 N=1000   2    100% [34,100]    0.00   0.000   1.056    35.2    2.74     59.9    886.7      2059    21.0    20.5
scramppi_hjr    env_C  H=40 N=1000   2    100% [34,100]    0.00   0.000   1.006    31.6    2.35     62.5    706.3      1971    20.7    16.2
scramppi_hjr    env_D  H=40 N=1000   2    100% [34,100]    0.00   0.000   1.108    57.9    4.88     66.3   2585.6      1908    28.8    16.1

scored 32 episode(s) -> /home/kmuenpra/git/HJR-FNO-ContingencyPlanning/eval/results/planner_scores/
