=== pre-flight ===
=== eval/config.yaml (global defaults) ===
  dt_c            : 0.1 s
  v_max / w_max   : 1.0 m/s / 1.0 rad/s (turn radius 1.00 m)
  u_min / u_max   : [0.0, -1.0] / [1.0, 1.0]
  lidar_radius    : 7.0 m
  goal_threshold  : 0.5 m
  Tf_reach        : 8.0 s  (solved horizon 8.0 s)
  d_max           : [0.1, 0.1, 0.1]  (rollout [0.0, 0.0, 0.0])
  feasibility     : feasible_region
  scenario_parallel: True
  reach grid      : 50x50x25x17 on [-10.0, 10.0]^2 x [-3.142, 3.142) region-local

=== env_A =============================================================

=== env_B =============================================================

=== env_C =============================================================

=== env_D =============================================================

========================================================================
all 44 checks passed (4 skipped)
  config + accounting invariants OK

=== env_A  (max_steps=1100) ===
  arm1 mppi        env_A s1          ok     43s  K_e 421 steps | L_e 34.96 m | T_e 42.1 s | T_deployed 53.0 s (RTF_ep 1.26) | goal True
  arm2 scramppi_fno env_A s1         ok     68s  K_e 394 steps | L_e 34.88 m | T_e 39.4 s | T_deployed 69.1 s (RTF_ep 1.75) | goal True
  arm4 rrtx_fno     env_A s1         ok     36s  K_e 351 steps | L_e 35.09 m | T_e 35.1 s | T_deployed 47.1 s (RTF_ep 1.34) | goal True

=== env_B  (max_steps=900) ===
  arm1 mppi        env_B s1          ok     74s  K_e 750 steps | L_e 43.58 m | T_e 75.0 s | T_deployed 89.2 s (RTF_ep 1.19) | goal True
  arm2 scramppi_fno env_B s1         ok     81s  K_e 356 steps | L_e 31.16 m | T_e 35.6 s | T_deployed 81.3 s (RTF_ep 2.28) | goal True
  arm4 rrtx_fno     env_B s1         ok     64s  K_e 323 steps | L_e 31.90 m | T_e 32.3 s | T_deployed 67.3 s (RTF_ep 2.08) | goal True

=== env_C  (max_steps=850) ===
  arm1 mppi        env_C s1          ok     39s  K_e 340 steps | L_e 27.79 m | T_e 34.0 s | T_deployed 45.6 s (RTF_ep 1.34) | goal True
  arm2 scramppi_fno env_C s1         ok     66s  K_e 318 steps | L_e 27.60 m | T_e 31.8 s | T_deployed 65.0 s (RTF_ep 2.04) | goal True
  arm4 rrtx_fno     env_C s1         ok     38s  K_e 302 steps | L_e 29.29 m | T_e 30.2 s | T_deployed 42.4 s (RTF_ep 1.40) | goal True

=== env_D  (max_steps=1400) ===
  arm1 mppi        env_D s1          ok    113s  K_e 1400 steps | L_e 45.77 m | T_e 140.0 s | T_deployed 145.1 s (RTF_ep 1.04) | goal False
  arm2 scramppi_fno env_D s1         ok    205s  K_e 579 steps | L_e 50.79 m | T_e 57.9 s | T_deployed 204.6 s (RTF_ep 3.53) | goal True
  arm4 rrtx_fno     env_D s1         ok     61s  K_e 602 steps | L_e 54.63 m | T_e 60.2 s | T_deployed 85.8 s (RTF_ep 1.43) | goal True

=== scoring ===

arm             env    knob          n               SR     VR%     D_e    barL   T_e s   RTFep   plan50   plan95   reach50  RTFp99    DMR%
-------------------------------------------------------------------------------------------------------------------------------------------
mppi            env_A  H=40 N=1800   1    100% [21,100]    0.00   0.000   1.003    42.1    1.26     67.6     70.8       975    10.4     1.9
mppi            env_B  H=40 N=1800   1    100% [21,100]    0.00   0.000   1.488    75.0    1.19     72.2     80.3      1238    10.5     1.3
mppi            env_C  H=40 N=1800   1    100% [21,100]    0.00   0.000   1.018    34.0    1.34     69.1     73.0       968     9.8     1.8
mppi            env_D  H=40 N=1800   1        0% [0,79]    0.00   0.000      --   140.0    1.04     73.1     76.8      2451     0.8     0.1
rrtx_fno        env_A  n=1000        1    100% [21,100]    0.00   0.000   1.007    35.1    1.34     58.0     97.2       988    12.0     5.1
rrtx_fno        env_B  n=1000        1    100% [21,100]    0.00   0.000   1.089    32.3    2.08     78.3    194.4      2412    26.0    25.2
rrtx_fno        env_C  n=1000        1    100% [21,100]    0.00   0.000   1.073    30.2    1.40     64.0    123.2       984    11.9    11.3
rrtx_fno        env_D  n=1000        1    100% [21,100]    0.00   0.000   1.203    60.2    1.43     51.6    131.3      1012    15.4     8.3
scramppi_fno    env_A  H=40 N=1800   1    100% [21,100]    0.00   0.000   1.000    39.4    1.75     84.9    657.7       975    10.6    12.0
scramppi_fno    env_B  H=40 N=1800   1    100% [21,100]    0.00   0.000   1.064    35.6    2.28    107.8    763.9      1444    20.7    59.2
scramppi_fno    env_C  H=40 N=1800   1    100% [21,100]    0.00   0.000   1.012    31.8    2.04     91.3    702.1       992    10.2    28.7
scramppi_fno    env_D  H=40 N=1800   1    100% [21,100]    0.00   0.000   1.119    57.9    3.53     97.6   2234.0      1002    29.6    43.4

scored 12 episode(s) -> /home/kmuenpra/git/HJR-FNO-ContingencyPlanning/eval/results/scored_*.json
