=== pre-flight ===
=== eval/config.yaml (global defaults) ===
  dt_c            : 0.1 s
  v_max / w_max   : 1.0 m/s / 1.0 rad/s (turn radius 1.00 m)
  u_min / u_max   : [0.0, -1.0] / [1.0, 1.0]
  lidar_radius    : 7.0 m
  goal_threshold  : 0.5 m
  Tf_reach        : 8.0 s  (solved horizon 8.0 s)
  d_max           : [0.1, 0.1, 0.1]  (rollout [0.0, 0.0, 0.0])
  feasibility     : feasible_region
  scenario_parallel: True
  reach grid      : 50x50x25x17 on [-10.0, 10.0]^2 x [-3.142, 3.142) region-local

=== env_A =============================================================

=== env_B =============================================================

=== env_C =============================================================

=== env_D =============================================================

========================================================================
all 44 checks passed (4 skipped)
  config + accounting invariants OK

=== env_A  (max_steps=1100) ===
  arm1 mppi        env_A s1          ok     25s  K_e 408 steps | L_e 35.05 m | T_e 40.8 s | T_deployed 47.0 s (RTF_ep 1.15) | goal True
  arm2 scramppi_fno env_A s1         ok     47s  K_e 385 steps | L_e 34.86 m | T_e 38.5 s | T_deployed 62.0 s (RTF_ep 1.61) | goal True
  arm3 scramppi_hjr env_A s1         ok     52s  K_e 386 steps | L_e 34.88 m | T_e 38.6 s | T_deployed 64.3 s (RTF_ep 1.67) | goal True
  arm4 rrtx_fno     env_A s1         ok     24s  K_e 351 steps | L_e 35.09 m | T_e 35.1 s | T_deployed 42.6 s (RTF_ep 1.21) | goal True

=== env_B  (max_steps=900) ===
  arm1 mppi        env_B s1          ok     32s  K_e 552 steps | L_e 33.78 m | T_e 55.2 s | T_deployed 62.5 s (RTF_ep 1.13) | goal True
  arm2 scramppi_fno env_B s1         ok     55s  K_e 349 steps | L_e 31.30 m | T_e 34.9 s | T_deployed 65.5 s (RTF_ep 1.88) | goal True
  arm3 scramppi_hjr env_B s1         ok     80s  K_e 347 steps | L_e 30.96 m | T_e 34.7 s | T_deployed 85.8 s (RTF_ep 2.47) | goal True
  arm4 rrtx_fno     env_B s1         ok     30s  K_e 320 steps | L_e 31.61 m | T_e 32.0 s | T_deployed 44.3 s (RTF_ep 1.38) | goal True

=== env_C  (max_steps=850) ===
  arm1 mppi        env_C s1          ok     26s  K_e 328 steps | L_e 27.92 m | T_e 32.8 s | T_deployed 41.2 s (RTF_ep 1.25) | goal True
  arm2 scramppi_fno env_C s1         ok     49s  K_e 309 steps | L_e 27.61 m | T_e 30.9 s | T_deployed 58.0 s (RTF_ep 1.88) | goal True
  arm3 scramppi_hjr env_C s1         ok     57s  K_e 308 steps | L_e 27.45 m | T_e 30.8 s | T_deployed 64.1 s (RTF_ep 2.08) | goal True
  arm4 rrtx_fno     env_C s1         ok     23s  K_e 283 steps | L_e 28.24 m | T_e 28.3 s | T_deployed 35.3 s (RTF_ep 1.25) | goal True

=== env_D  (max_steps=1400) ===
  arm1 mppi        env_D s1          ok     62s  K_e 1400 steps | L_e 38.66 m | T_e 140.0 s | T_deployed 144.0 s (RTF_ep 1.03) | goal False
  arm2 scramppi_fno env_D s1         ok    269s  K_e 586 steps | L_e 51.71 m | T_e 58.6 s | T_deployed 288.4 s (RTF_ep 4.92) | goal True
  arm3 scramppi_hjr env_D s1         ok    271s  K_e 558 steps | L_e 49.83 m | T_e 55.8 s | T_deployed 287.0 s (RTF_ep 5.14) | goal True
  arm4 rrtx_fno     env_D s1         ok     41s  K_e 558 steps | L_e 53.89 m | T_e 55.8 s | T_deployed 70.5 s (RTF_ep 1.26) | goal True

=== scoring ===

arm             env    knob          n               SR     VR%     D_e    barL   T_e s   RTFep   plan50   plan95   reach50  RTFp99    DMR%
-------------------------------------------------------------------------------------------------------------------------------------------
mppi            env_A  H=30 N=1000   1    100% [21,100]    0.00   0.000   1.005    40.8    1.15     36.0     37.9       399     4.3     2.0
mppi            env_B  H=30 N=1000   1    100% [21,100]    0.00   0.000   1.154    55.2    1.13     37.7     39.1       585     4.7     1.3
mppi            env_C  H=30 N=1000   1    100% [21,100]    0.00   0.000   1.023    32.8    1.25     38.0     40.5       415     4.4     1.8
mppi            env_D  H=30 N=1000   1        0% [0,79]    0.00   0.000      --   140.0    1.03     37.6     38.7      1909     0.4     0.1
rrtx_fno        env_A  n=3000        1    100% [21,100]    0.00   0.000   1.007    35.1    1.21     22.8     36.2       415     6.2     2.9
rrtx_fno        env_B  n=3000        1    100% [21,100]    0.00   0.000   1.080    32.0    1.38     27.3     55.3       755    14.7     2.5
rrtx_fno        env_C  n=3000        1    100% [21,100]    0.00   0.000   1.035    28.3    1.25     20.3     40.5       397     8.1     2.5
rrtx_fno        env_D  n=3000        1    100% [21,100]    0.00   0.000   1.187    55.8    1.26     24.4     80.4       421     8.0     4.8
scramppi_fno    env_A  H=30 N=1000   1    100% [21,100]    0.00   0.000   1.000    38.5    1.61     46.0    610.8       403     6.4    10.2
scramppi_fno    env_B  H=30 N=1000   1    100% [21,100]    0.00   0.000   1.069    34.9    1.88     49.9    672.6       598     8.4    12.6
scramppi_fno    env_C  H=30 N=1000   1    100% [21,100]    0.00   0.000   1.012    30.9    1.88     51.7    647.3       419    10.3    11.0
scramppi_fno    env_D  H=30 N=1000   1    100% [21,100]    0.00   0.000   1.139    58.6    4.92     51.2   2599.4       406    28.0    17.4
scramppi_hjr    env_A  H=30 N=1000   1    100% [21,100]    0.00   0.000   1.001    38.6    1.67     43.7    602.1      1142    11.8    10.4
scramppi_hjr    env_B  H=30 N=1000   1    100% [21,100]    0.00   0.000   1.057    34.7    2.47     48.0    849.4      1376    14.2    18.5
scramppi_hjr    env_C  H=30 N=1000   1    100% [21,100]    0.00   0.000   1.006    30.8    2.08     46.3    681.9       892     9.8    16.3
scramppi_hjr    env_D  H=30 N=1000   1    100% [21,100]    0.00   0.000   1.097    55.8    5.14     49.0   2633.7       889    28.5    18.3

  reachable-set update, decomposed [ms, events only] -- predict + certify + other = reach
arm             env    knob          reach50  predict50  certify50   other50  reachMean   predMean   certMean
-------------------------------------------------------------------------------------------------------------
mppi            env_A  H=30 N=1000       399        244        153         2        815        253        560
mppi            env_B  H=30 N=1000       585        402        164         3       1090        400        687
mppi            env_C  H=30 N=1000       415        263        166         4       1225        288        934
mppi            env_D  H=30 N=1000      1909        226       1681         2       1305        159       1144
rrtx_fno        env_A  n=3000            415        256        154         2        792        272        518
rrtx_fno        env_B  n=3000            755        399        216         3       1328        431        893
rrtx_fno        env_C  n=3000            397        260        141         2        932        284        645
rrtx_fno        env_D  n=3000            421        259        162         2        684        266        416
scramppi_fno    env_A  H=30 N=1000       403        245        158         2        815        252        560
scramppi_fno    env_B  H=30 N=1000       598        412        183         4       1169        424        741
scramppi_fno    env_C  H=30 N=1000       419        253        164         3       1213        283        927
scramppi_fno    env_D  H=30 N=1000       406        247        152         2        753        253        498
scramppi_hjr    env_A  H=30 N=1000      1142       1138          1         2       1148       1145          1
scramppi_hjr    env_B  H=30 N=1000      1376       1370          2         4       1563       1557          2
scramppi_hjr    env_C  H=30 N=1000       892        888          1         2       1015       1010          2
scramppi_hjr    env_D  H=30 N=1000       889        885          1         2       1044       1039          1

scored 16 episode(s) -> /home/kmuenpra/git/HJR-FNO-ContingencyPlanning/eval/results/planner_scores/
