=== pre-flight ===
=== eval/config.yaml (global defaults) ===
  dt_c            : 0.1 s
  v_max / w_max   : 1.0 m/s / 1.0 rad/s (turn radius 1.00 m)
  u_min / u_max   : [0.0, -1.0] / [1.0, 1.0]
  lidar_radius    : 7.0 m
  goal_threshold  : 0.5 m
  Tf_reach        : 8.0 s  (solved horizon 8.0 s)
  d_max           : [0.1, 0.1, 0.1]  (rollout [0.0, 0.0, 0.0])
  feasibility     : feasible_region
  scenario_parallel: True
  reach grid      : 50x50x25x17 on [-10.0, 10.0]^2 x [-3.142, 3.142) region-local

=== env_A =============================================================

=== env_B =============================================================

=== env_C =============================================================

=== env_D =============================================================

========================================================================
all 44 checks passed (4 skipped)
  config + accounting invariants OK

=== env_A  (max_steps=1100) ===
  arm3 scramppi_hjr env_A s1         ok     73s  K_e 394 steps | L_e 34.91 m | T_e 39.4 s | T_deployed 72.8 s (RTF_ep 1.85) | goal True

=== env_B  (max_steps=900) ===
  arm3 scramppi_hjr env_B s1         ok     76s  K_e 354 steps | L_e 30.97 m | T_e 35.4 s | T_deployed 72.3 s (RTF_ep 2.04) | goal True

=== env_C  (max_steps=850) ===
  arm3 scramppi_hjr env_C s1         ok     73s  K_e 316 steps | L_e 27.45 m | T_e 31.6 s | T_deployed 69.4 s (RTF_ep 2.20) | goal True

=== env_D  (max_steps=1400) ===
  arm3 scramppi_hjr env_D s1         ok    230s  K_e 566 steps | L_e 49.73 m | T_e 56.6 s | T_deployed 225.9 s (RTF_ep 3.99) | goal True

=== scoring ===

arm             env    knob          n               SR     VR%     D_e    barL   T_e s   RTFep   plan50   plan95   reach50  RTFp99    DMR%
-------------------------------------------------------------------------------------------------------------------------------------------
mppi            env_A  H=40 N=1800   1    100% [21,100]    0.00   0.000   1.003    42.1    1.26     67.6     70.8       975    10.4     1.9
mppi            env_B  H=40 N=1800   1    100% [21,100]    0.00   0.000   1.488    75.0    1.19     72.2     80.3      1238    10.5     1.3
mppi            env_C  H=40 N=1800   1    100% [21,100]    0.00   0.000   1.018    34.0    1.34     69.1     73.0       968     9.8     1.8
mppi            env_D  H=40 N=1800   1        0% [0,79]    0.00   0.000      --   140.0    1.04     73.1     76.8      2451     0.8     0.1
rrtx_fno        env_A  n=1000        1    100% [21,100]    0.00   0.000   1.007    35.1    1.34     58.0     97.2       988    12.0     5.1
rrtx_fno        env_B  n=1000        1    100% [21,100]    0.00   0.000   1.089    32.3    2.08     78.3    194.4      2412    26.0    25.2
rrtx_fno        env_C  n=1000        1    100% [21,100]    0.00   0.000   1.073    30.2    1.40     64.0    123.2       984    11.9    11.3
rrtx_fno        env_D  n=1000        1    100% [21,100]    0.00   0.000   1.203    60.2    1.43     51.6    131.3      1012    15.4     8.3
scramppi_fno    env_A  H=40 N=1800   1    100% [21,100]    0.00   0.000   1.000    39.4    1.75     84.9    657.7       975    10.6    12.0
scramppi_fno    env_B  H=40 N=1800   1    100% [21,100]    0.00   0.000   1.064    35.6    2.28    107.8    763.9      1444    20.7    59.2
scramppi_fno    env_C  H=40 N=1800   1    100% [21,100]    0.00   0.000   1.012    31.8    2.04     91.3    702.1       992    10.2    28.7
scramppi_fno    env_D  H=40 N=1800   1    100% [21,100]    0.00   0.000   1.119    57.9    3.53     97.6   2234.0      1002    29.6    43.4
scramppi_hjr    env_A  H=40 N=1800   1    100% [21,100]    0.00   0.000   1.001    39.4    1.85     83.8    652.5      1868    18.6    12.0
scramppi_hjr    env_B  H=40 N=1800   1    100% [21,100]    0.00   0.000   1.058    35.4    2.04     88.6    684.5      2133    21.7    32.6
scramppi_hjr    env_C  H=40 N=1800   1    100% [21,100]    0.00   0.000   1.006    31.6    2.20     88.8    719.4      2006    21.2    27.0
scramppi_hjr    env_D  H=40 N=1800   1    100% [21,100]    0.00   0.000   1.095    56.6    3.99     98.7   2310.3      2025    38.1    48.3

scored 16 episode(s) -> /home/kmuenpra/git/HJR-FNO-ContingencyPlanning/eval/results/planner_scores/
