=== pre-flight ===
=== eval/config.yaml (global defaults) ===
  dt_c            : 0.1 s
  v_max / w_max   : 1.0 m/s / 1.0 rad/s (turn radius 1.00 m)
  u_min / u_max   : [0.0, -1.0] / [1.0, 1.0]
  lidar_radius    : 7.0 m
  goal_threshold  : 0.5 m
  Tf_reach        : 8.0 s  (solved horizon 8.0 s)
  d_max           : [0.1, 0.1, 0.1]  (rollout [0.0, 0.0, 0.0])
  feasibility     : feasible_region
  scenario_parallel: True
  reach grid      : 50x50x25x17 on [-10.0, 10.0]^2 x [-3.142, 3.142) region-local

=== env_A =============================================================

=== env_B =============================================================

=== env_C =============================================================

=== env_D =============================================================

========================================================================
all 44 checks passed (4 skipped)
  config + accounting invariants OK

=== env_A  (max_steps=1100) ===
  arm1 mppi        env_A s1          ok     46s  K_e 421 steps | L_e 34.96 m | T_e 42.1 s | T_deployed 53.1 s (RTF_ep 1.26) | goal True
  arm2 scramppi_fno env_A s1         ok     69s  K_e 394 steps | L_e 34.88 m | T_e 39.4 s | T_deployed 69.5 s (RTF_ep 1.76) | goal True
  arm4 rrtx_fno     env_A s1         ok     37s  K_e 351 steps | L_e 35.09 m | T_e 35.1 s | T_deployed 47.3 s (RTF_ep 1.35) | goal True

=== env_B  (max_steps=900) ===
  arm1 mppi        env_B s1          ok     75s  K_e 750 steps | L_e 43.58 m | T_e 75.0 s | T_deployed 89.1 s (RTF_ep 1.19) | goal True
  arm2 scramppi_fno env_B s1         ok     77s  K_e 356 steps | L_e 30.98 m | T_e 35.6 s | T_deployed 75.1 s (RTF_ep 2.11) | goal True
  arm4 rrtx_fno     env_B s1         ok     43s  K_e 323 steps | L_e 31.90 m | T_e 32.3 s | T_deployed 49.0 s (RTF_ep 1.52) | goal True

=== env_C  (max_steps=850) ===
  arm1 mppi        env_C s1          ok     41s  K_e 340 steps | L_e 27.79 m | T_e 34.0 s | T_deployed 45.8 s (RTF_ep 1.35) | goal True
  arm2 scramppi_fno env_C s1         ok     69s  K_e 318 steps | L_e 27.62 m | T_e 31.8 s | T_deployed 67.5 s (RTF_ep 2.12) | goal True
  arm4 rrtx_fno     env_C s1         ok     38s  K_e 302 steps | L_e 29.29 m | T_e 30.2 s | T_deployed 42.5 s (RTF_ep 1.41) | goal True

=== env_D  (max_steps=1400) ===
  arm1 mppi        env_D s1          ok    115s  K_e 1400 steps | L_e 45.72 m | T_e 140.0 s | T_deployed 145.1 s (RTF_ep 1.04) | goal False
  arm2 scramppi_fno env_D s1         ok    272s  K_e 579 steps | L_e 50.76 m | T_e 57.9 s | T_deployed 270.5 s (RTF_ep 4.67) | goal True
  arm4 rrtx_fno     env_D s1         ok     62s  K_e 602 steps | L_e 54.63 m | T_e 60.2 s | T_deployed 86.0 s (RTF_ep 1.43) | goal True

=== scoring ===

arm             env    knob          n               SR     VR%     D_e    barL   T_e s   RTFep   plan50   plan95   reach50  RTFp99    DMR%
-------------------------------------------------------------------------------------------------------------------------------------------
mppi            env_A  H=40 N=1800   1    100% [21,100]    0.00   0.000   1.003    42.1    1.26     70.2     75.0       989    10.6     1.9
mppi            env_B  H=40 N=1800   1    100% [21,100]    0.00   0.000   1.488    75.0    1.19     73.6     79.9      1183    10.5     1.2
mppi            env_C  H=40 N=1800   1    100% [21,100]    0.00   0.000   1.018    34.0    1.35     71.6     75.5       986     9.9     1.8
mppi            env_D  H=40 N=1800   1        0% [0,79]    0.00   0.000      --   140.0    1.04     74.5     78.4      2432     0.8     0.1
rrtx_fno        env_A  n=1000        1    100% [21,100]    0.00   0.000   1.007    35.1    1.35     59.3    103.0      1007    11.9     5.7
rrtx_fno        env_B  n=1000        1    100% [21,100]    0.00   0.000   1.089    32.3    1.52     66.4    122.5      1340    18.5     9.9
rrtx_fno        env_C  n=1000        1    100% [21,100]    0.00   0.000   1.073    30.2    1.41     64.4    123.1       980    11.8    11.3
rrtx_fno        env_D  n=1000        1    100% [21,100]    0.00   0.000   1.203    60.2    1.43     52.5    133.4       996    15.3     8.8
scramppi_fno    env_A  H=40 N=1800   1    100% [21,100]    0.00   0.000   1.001    39.4    1.76     87.4    662.1       987    10.7    12.5
scramppi_fno    env_B  H=40 N=1800   1    100% [21,100]    0.00   0.000   1.058    35.6    2.11     96.1    733.7      1316    13.4    42.5
scramppi_fno    env_C  H=40 N=1800   1    100% [21,100]    0.00   0.000   1.012    31.8    2.12     94.4    726.2       989    10.9    33.1
scramppi_fno    env_D  H=40 N=1800   1    100% [21,100]    0.00   0.000   1.118    57.9    4.67    102.0   2808.9      1002    32.3    60.4
scramppi_hjr    env_A  H=40 N=1800   1    100% [21,100]    0.00   0.000   1.001    39.4    1.85     83.8    652.5      1868    18.6    12.0
scramppi_hjr    env_B  H=40 N=1800   1    100% [21,100]    0.00   0.000   1.058    35.4    2.04     88.6    684.5      2133    21.7    32.6
scramppi_hjr    env_C  H=40 N=1800   1    100% [21,100]    0.00   0.000   1.006    31.6    2.20     88.8    719.4      2006    21.2    27.0
scramppi_hjr    env_D  H=40 N=1800   1    100% [21,100]    0.00   0.000   1.095    56.6    3.99     98.7   2310.3      2025    38.1    48.3

scored 16 episode(s) -> /home/kmuenpra/git/HJR-FNO-ContingencyPlanning/eval/results/planner_scores/
